// Jest Snapshot v1, https://goo.gl/fbAQLP

exports[`should render App correctly 1`] = `
<Provider
  store={
    Object {
      "dispatch": [Function],
      "getState": [Function],
      "replaceReducer": [Function],
      "subscribe": [Function],
      Symbol(observable): [Function],
    }
  }
>
  <BrowserRouter>
    <PortalContainer
      handleClose={[Function]}
    >
      <img
        alt="logo"
        height="150"
        src="logo1.ZzdP9AdvlCYog+Quq6R6b0gN4FcLgRULcMU+jDIqD99LxUc6unyAOA=="
      />
      <div>
        <ForwardRef
          className="btn-large"
          to="/home"
        >
          <div
            onClick={[Function]}
          >
            Go to Home Page
          </div>
        </ForwardRef>
        <ForwardRef
          className="btn-large"
          to="/favorites"
        >
          <div
            onClick={[Function]}
          >
            See your Favorites
          </div>
        </ForwardRef>
      </div>
    </PortalContainer>
    <Navbar />
    <Switch>
      <Route
        component={
          Object {
            "$$typeof": Symbol(react.memo),
            "WrappedComponent": [Function],
            "compare": null,
            "displayName": "Connect(HomeContainer)",
            "type": [Function],
          }
        }
        exact={true}
        path="/home"
      />
      <Route
        component={
          Object {
            "$$typeof": Symbol(react.memo),
            "WrappedComponent": [Function],
            "compare": null,
            "displayName": "Connect(FavContainer)",
            "type": [Function],
          }
        }
        exact={true}
        path="/favorites"
      />
      <Route
        component={[Function]}
      />
    </Switch>
  </BrowserRouter>
</Provider>
`;
